running egg_info
creating build/go2_ros_gazebo/go2_ros_gazebo.egg-info
writing build/go2_ros_gazebo/go2_ros_gazebo.egg-info/PKG-INFO
writing dependency_links to build/go2_ros_gazebo/go2_ros_gazebo.egg-info/dependency_links.txt
writing entry points to build/go2_ros_gazebo/go2_ros_gazebo.egg-info/entry_points.txt
writing requirements to build/go2_ros_gazebo/go2_ros_gazebo.egg-info/requires.txt
writing top-level names to build/go2_ros_gazebo/go2_ros_gazebo.egg-info/top_level.txt
writing manifest file 'build/go2_ros_gazebo/go2_ros_gazebo.egg-info/SOURCES.txt'
reading manifest file 'build/go2_ros_gazebo/go2_ros_gazebo.egg-info/SOURCES.txt'
writing manifest file 'build/go2_ros_gazebo/go2_ros_gazebo.egg-info/SOURCES.txt'
running build
running build_py
creating /home/ever/ros2_ws/src/go2_ros_gazebo/build/go2_ros_gazebo/build
creating /home/ever/ros2_ws/src/go2_ros_gazebo/build/go2_ros_gazebo/build/lib
creating /home/ever/ros2_ws/src/go2_ros_gazebo/build/go2_ros_gazebo/build/lib/go2_ros_gazebo
copying go2_ros_gazebo/__init__.py -> /home/ever/ros2_ws/src/go2_ros_gazebo/build/go2_ros_gazebo/build/lib/go2_ros_gazebo
copying go2_ros_gazebo/go2_rl_driver.py -> /home/ever/ros2_ws/src/go2_ros_gazebo/build/go2_ros_gazebo/build/lib/go2_ros_gazebo
running install
running install_lib
creating /home/ever/ros2_ws/src/go2_ros_gazebo/install/go2_ros_gazebo/lib/python3.10/site-packages/go2_ros_gazebo
copying /home/ever/ros2_ws/src/go2_ros_gazebo/build/go2_ros_gazebo/build/lib/go2_ros_gazebo/__init__.py -> /home/ever/ros2_ws/src/go2_ros_gazebo/install/go2_ros_gazebo/lib/python3.10/site-packages/go2_ros_gazebo
copying /home/ever/ros2_ws/src/go2_ros_gazebo/build/go2_ros_gazebo/build/lib/go2_ros_gazebo/go2_rl_driver.py -> /home/ever/ros2_ws/src/go2_ros_gazebo/install/go2_ros_gazebo/lib/python3.10/site-packages/go2_ros_gazebo
byte-compiling /home/ever/ros2_ws/src/go2_ros_gazebo/install/go2_ros_gazebo/lib/python3.10/site-packages/go2_ros_gazebo/__init__.py to __init__.cpython-310.pyc
byte-compiling /home/ever/ros2_ws/src/go2_ros_gazebo/install/go2_ros_gazebo/lib/python3.10/site-packages/go2_ros_gazebo/go2_rl_driver.py to go2_rl_driver.cpython-310.pyc
running install_data
creating /home/ever/ros2_ws/src/go2_ros_gazebo/install/go2_ros_gazebo/share/ament_index
creating /home/ever/ros2_ws/src/go2_ros_gazebo/install/go2_ros_gazebo/share/ament_index/resource_index
creating /home/ever/ros2_ws/src/go2_ros_gazebo/install/go2_ros_gazebo/share/ament_index/resource_index/packages
copying resource/go2_ros_gazebo -> /home/ever/ros2_ws/src/go2_ros_gazebo/install/go2_ros_gazebo/share/ament_index/resource_index/packages
copying package.xml -> /home/ever/ros2_ws/src/go2_ros_gazebo/install/go2_ros_gazebo/share/go2_ros_gazebo
creating /home/ever/ros2_ws/src/go2_ros_gazebo/install/go2_ros_gazebo/share/go2_ros_gazebo/urdf
copying urdf/go2_description.urdf -> /home/ever/ros2_ws/src/go2_ros_gazebo/install/go2_ros_gazebo/share/go2_ros_gazebo/urdf
creating /home/ever/ros2_ws/src/go2_ros_gazebo/install/go2_ros_gazebo/share/go2_ros_gazebo/launch
copying launch/spawn.launch.py -> /home/ever/ros2_ws/src/go2_ros_gazebo/install/go2_ros_gazebo/share/go2_ros_gazebo/launch
copying launch/rl_deploy.launch.py -> /home/ever/ros2_ws/src/go2_ros_gazebo/install/go2_ros_gazebo/share/go2_ros_gazebo/launch
copying launch/empty_world.launch.py -> /home/ever/ros2_ws/src/go2_ros_gazebo/install/go2_ros_gazebo/share/go2_ros_gazebo/launch
copying launch/rviz2.launch.py -> /home/ever/ros2_ws/src/go2_ros_gazebo/install/go2_ros_gazebo/share/go2_ros_gazebo/launch
creating /home/ever/ros2_ws/src/go2_ros_gazebo/install/go2_ros_gazebo/share/go2_ros_gazebo/dae
copying dae/calf.dae -> /home/ever/ros2_ws/src/go2_ros_gazebo/install/go2_ros_gazebo/share/go2_ros_gazebo/dae
copying dae/base.dae -> /home/ever/ros2_ws/src/go2_ros_gazebo/install/go2_ros_gazebo/share/go2_ros_gazebo/dae
copying dae/thigh.dae -> /home/ever/ros2_ws/src/go2_ros_gazebo/install/go2_ros_gazebo/share/go2_ros_gazebo/dae
copying dae/calf_mirror.dae -> /home/ever/ros2_ws/src/go2_ros_gazebo/install/go2_ros_gazebo/share/go2_ros_gazebo/dae
copying dae/foot.dae -> /home/ever/ros2_ws/src/go2_ros_gazebo/install/go2_ros_gazebo/share/go2_ros_gazebo/dae
copying dae/hip.dae -> /home/ever/ros2_ws/src/go2_ros_gazebo/install/go2_ros_gazebo/share/go2_ros_gazebo/dae
copying dae/thigh_mirror.dae -> /home/ever/ros2_ws/src/go2_ros_gazebo/install/go2_ros_gazebo/share/go2_ros_gazebo/dae
creating /home/ever/ros2_ws/src/go2_ros_gazebo/install/go2_ros_gazebo/share/go2_ros_gazebo/checkpoints
copying checkpoints/model_7850.pt -> /home/ever/ros2_ws/src/go2_ros_gazebo/install/go2_ros_gazebo/share/go2_ros_gazebo/checkpoints
creating /home/ever/ros2_ws/src/go2_ros_gazebo/install/go2_ros_gazebo/share/go2_ros_gazebo/worlds
copying worlds/demo_world.sdf -> /home/ever/ros2_ws/src/go2_ros_gazebo/install/go2_ros_gazebo/share/go2_ros_gazebo/worlds
running install_egg_info
Copying build/go2_ros_gazebo/go2_ros_gazebo.egg-info to /home/ever/ros2_ws/src/go2_ros_gazebo/install/go2_ros_gazebo/lib/python3.10/site-packages/go2_ros_gazebo-0.0.0-py3.10.egg-info
running install_scripts
Installing go2_rl_driver script to /home/ever/ros2_ws/src/go2_ros_gazebo/install/go2_ros_gazebo/lib/go2_ros_gazebo
writing list of installed files to '/home/ever/ros2_ws/src/go2_ros_gazebo/build/go2_ros_gazebo/install.log'
