[0.783s] Invoking command in '/home/ever/ros2_ws/src/go2_ros_gazebo': PYTHONPATH=/home/ever/ros2_ws/src/go2_ros_gazebo/build/go2_ros_gazebo/prefix_override:/usr/lib/python3/dist-packages/colcon_core/task/python/colcon_distutils_commands:/home/ever/ros2_ws/src/go2_ros_gazebo/install/go2_ros_gazebo/lib/python3.10/site-packages:${PYTHONPATH} /usr/bin/python3 -W ignore:setup.py install is deprecated -W ignore:easy_install command is deprecated setup.py egg_info --egg-base build/go2_ros_gazebo build --build-base /home/ever/ros2_ws/src/go2_ros_gazebo/build/go2_ros_gazebo/build install --record /home/ever/ros2_ws/src/go2_ros_gazebo/build/go2_ros_gazebo/install.log --single-version-externally-managed install_data
[1.218s] running egg_info
[1.219s] creating build/go2_ros_gazebo/go2_ros_gazebo.egg-info
[1.219s] writing build/go2_ros_gazebo/go2_ros_gazebo.egg-info/PKG-INFO
[1.219s] writing dependency_links to build/go2_ros_gazebo/go2_ros_gazebo.egg-info/dependency_links.txt
[1.219s] writing entry points to build/go2_ros_gazebo/go2_ros_gazebo.egg-info/entry_points.txt
[1.219s] writing requirements to build/go2_ros_gazebo/go2_ros_gazebo.egg-info/requires.txt
[1.220s] writing top-level names to build/go2_ros_gazebo/go2_ros_gazebo.egg-info/top_level.txt
[1.223s] writing manifest file 'build/go2_ros_gazebo/go2_ros_gazebo.egg-info/SOURCES.txt'
[1.230s] reading manifest file 'build/go2_ros_gazebo/go2_ros_gazebo.egg-info/SOURCES.txt'
[1.232s] writing manifest file 'build/go2_ros_gazebo/go2_ros_gazebo.egg-info/SOURCES.txt'
[1.232s] running build
[1.233s] running build_py
[1.233s] creating /home/ever/ros2_ws/src/go2_ros_gazebo/build/go2_ros_gazebo/build
[1.233s] creating /home/ever/ros2_ws/src/go2_ros_gazebo/build/go2_ros_gazebo/build/lib
[1.234s] creating /home/ever/ros2_ws/src/go2_ros_gazebo/build/go2_ros_gazebo/build/lib/go2_ros_gazebo
[1.235s] copying go2_ros_gazebo/__init__.py -> /home/ever/ros2_ws/src/go2_ros_gazebo/build/go2_ros_gazebo/build/lib/go2_ros_gazebo
[1.235s] copying go2_ros_gazebo/go2_rl_driver.py -> /home/ever/ros2_ws/src/go2_ros_gazebo/build/go2_ros_gazebo/build/lib/go2_ros_gazebo
[1.235s] running install
[1.235s] running install_lib
[1.235s] creating /home/ever/ros2_ws/src/go2_ros_gazebo/install/go2_ros_gazebo/lib/python3.10/site-packages/go2_ros_gazebo
[1.235s] copying /home/ever/ros2_ws/src/go2_ros_gazebo/build/go2_ros_gazebo/build/lib/go2_ros_gazebo/__init__.py -> /home/ever/ros2_ws/src/go2_ros_gazebo/install/go2_ros_gazebo/lib/python3.10/site-packages/go2_ros_gazebo
[1.235s] copying /home/ever/ros2_ws/src/go2_ros_gazebo/build/go2_ros_gazebo/build/lib/go2_ros_gazebo/go2_rl_driver.py -> /home/ever/ros2_ws/src/go2_ros_gazebo/install/go2_ros_gazebo/lib/python3.10/site-packages/go2_ros_gazebo
[1.235s] byte-compiling /home/ever/ros2_ws/src/go2_ros_gazebo/install/go2_ros_gazebo/lib/python3.10/site-packages/go2_ros_gazebo/__init__.py to __init__.cpython-310.pyc
[1.239s] byte-compiling /home/ever/ros2_ws/src/go2_ros_gazebo/install/go2_ros_gazebo/lib/python3.10/site-packages/go2_ros_gazebo/go2_rl_driver.py to go2_rl_driver.cpython-310.pyc
[1.240s] running install_data
[1.240s] creating /home/ever/ros2_ws/src/go2_ros_gazebo/install/go2_ros_gazebo/share/ament_index
[1.240s] creating /home/ever/ros2_ws/src/go2_ros_gazebo/install/go2_ros_gazebo/share/ament_index/resource_index
[1.240s] creating /home/ever/ros2_ws/src/go2_ros_gazebo/install/go2_ros_gazebo/share/ament_index/resource_index/packages
[1.240s] copying resource/go2_ros_gazebo -> /home/ever/ros2_ws/src/go2_ros_gazebo/install/go2_ros_gazebo/share/ament_index/resource_index/packages
[1.240s] copying package.xml -> /home/ever/ros2_ws/src/go2_ros_gazebo/install/go2_ros_gazebo/share/go2_ros_gazebo
[1.240s] creating /home/ever/ros2_ws/src/go2_ros_gazebo/install/go2_ros_gazebo/share/go2_ros_gazebo/urdf
[1.240s] copying urdf/go2_description.urdf -> /home/ever/ros2_ws/src/go2_ros_gazebo/install/go2_ros_gazebo/share/go2_ros_gazebo/urdf
[1.240s] creating /home/ever/ros2_ws/src/go2_ros_gazebo/install/go2_ros_gazebo/share/go2_ros_gazebo/launch
[1.240s] copying launch/spawn.launch.py -> /home/ever/ros2_ws/src/go2_ros_gazebo/install/go2_ros_gazebo/share/go2_ros_gazebo/launch
[1.241s] copying launch/rl_deploy.launch.py -> /home/ever/ros2_ws/src/go2_ros_gazebo/install/go2_ros_gazebo/share/go2_ros_gazebo/launch
[1.241s] copying launch/empty_world.launch.py -> /home/ever/ros2_ws/src/go2_ros_gazebo/install/go2_ros_gazebo/share/go2_ros_gazebo/launch
[1.241s] copying launch/rviz2.launch.py -> /home/ever/ros2_ws/src/go2_ros_gazebo/install/go2_ros_gazebo/share/go2_ros_gazebo/launch
[1.241s] creating /home/ever/ros2_ws/src/go2_ros_gazebo/install/go2_ros_gazebo/share/go2_ros_gazebo/dae
[1.241s] copying dae/calf.dae -> /home/ever/ros2_ws/src/go2_ros_gazebo/install/go2_ros_gazebo/share/go2_ros_gazebo/dae
[1.242s] copying dae/base.dae -> /home/ever/ros2_ws/src/go2_ros_gazebo/install/go2_ros_gazebo/share/go2_ros_gazebo/dae
[1.256s] copying dae/thigh.dae -> /home/ever/ros2_ws/src/go2_ros_gazebo/install/go2_ros_gazebo/share/go2_ros_gazebo/dae
[1.262s] copying dae/calf_mirror.dae -> /home/ever/ros2_ws/src/go2_ros_gazebo/install/go2_ros_gazebo/share/go2_ros_gazebo/dae
[1.263s] copying dae/foot.dae -> /home/ever/ros2_ws/src/go2_ros_gazebo/install/go2_ros_gazebo/share/go2_ros_gazebo/dae
[1.264s] copying dae/hip.dae -> /home/ever/ros2_ws/src/go2_ros_gazebo/install/go2_ros_gazebo/share/go2_ros_gazebo/dae
[1.270s] copying dae/thigh_mirror.dae -> /home/ever/ros2_ws/src/go2_ros_gazebo/install/go2_ros_gazebo/share/go2_ros_gazebo/dae
[1.275s] creating /home/ever/ros2_ws/src/go2_ros_gazebo/install/go2_ros_gazebo/share/go2_ros_gazebo/checkpoints
[1.275s] copying checkpoints/model_7850.pt -> /home/ever/ros2_ws/src/go2_ros_gazebo/install/go2_ros_gazebo/share/go2_ros_gazebo/checkpoints
[1.297s] creating /home/ever/ros2_ws/src/go2_ros_gazebo/install/go2_ros_gazebo/share/go2_ros_gazebo/worlds
[1.297s] copying worlds/demo_world.sdf -> /home/ever/ros2_ws/src/go2_ros_gazebo/install/go2_ros_gazebo/share/go2_ros_gazebo/worlds
[1.297s] running install_egg_info
[1.300s] Copying build/go2_ros_gazebo/go2_ros_gazebo.egg-info to /home/ever/ros2_ws/src/go2_ros_gazebo/install/go2_ros_gazebo/lib/python3.10/site-packages/go2_ros_gazebo-0.0.0-py3.10.egg-info
[1.304s] running install_scripts
[1.339s] Installing go2_rl_driver script to /home/ever/ros2_ws/src/go2_ros_gazebo/install/go2_ros_gazebo/lib/go2_ros_gazebo
[1.340s] writing list of installed files to '/home/ever/ros2_ws/src/go2_ros_gazebo/build/go2_ros_gazebo/install.log'
[1.387s] Invoked command in '/home/ever/ros2_ws/src/go2_ros_gazebo' returned '0': PYTHONPATH=/home/ever/ros2_ws/src/go2_ros_gazebo/build/go2_ros_gazebo/prefix_override:/usr/lib/python3/dist-packages/colcon_core/task/python/colcon_distutils_commands:/home/ever/ros2_ws/src/go2_ros_gazebo/install/go2_ros_gazebo/lib/python3.10/site-packages:${PYTHONPATH} /usr/bin/python3 -W ignore:setup.py install is deprecated -W ignore:easy_install command is deprecated setup.py egg_info --egg-base build/go2_ros_gazebo build --build-base /home/ever/ros2_ws/src/go2_ros_gazebo/build/go2_ros_gazebo/build install --record /home/ever/ros2_ws/src/go2_ros_gazebo/build/go2_ros_gazebo/install.log --single-version-externally-managed install_data
