/home/ever/ros2_ws/src/go2_ros_gazebo/install/go2_ros_gazebo/lib/python3.10/site-packages/go2_ros_gazebo/__init__.py
/home/ever/ros2_ws/src/go2_ros_gazebo/install/go2_ros_gazebo/lib/python3.10/site-packages/go2_ros_gazebo/go2_rl_driver.py
/home/ever/ros2_ws/src/go2_ros_gazebo/install/go2_ros_gazebo/lib/python3.10/site-packages/go2_ros_gazebo/__pycache__/__init__.cpython-310.pyc
/home/ever/ros2_ws/src/go2_ros_gazebo/install/go2_ros_gazebo/lib/python3.10/site-packages/go2_ros_gazebo/__pycache__/go2_rl_driver.cpython-310.pyc
/home/ever/ros2_ws/src/go2_ros_gazebo/install/go2_ros_gazebo/share/ament_index/resource_index/packages/go2_ros_gazebo
/home/ever/ros2_ws/src/go2_ros_gazebo/install/go2_ros_gazebo/share/go2_ros_gazebo/package.xml
/home/ever/ros2_ws/src/go2_ros_gazebo/install/go2_ros_gazebo/share/go2_ros_gazebo/urdf/go2_description.urdf
/home/ever/ros2_ws/src/go2_ros_gazebo/install/go2_ros_gazebo/share/go2_ros_gazebo/launch/spawn.launch.py
/home/ever/ros2_ws/src/go2_ros_gazebo/install/go2_ros_gazebo/share/go2_ros_gazebo/launch/rl_deploy.launch.py
/home/ever/ros2_ws/src/go2_ros_gazebo/install/go2_ros_gazebo/share/go2_ros_gazebo/launch/empty_world.launch.py
/home/ever/ros2_ws/src/go2_ros_gazebo/install/go2_ros_gazebo/share/go2_ros_gazebo/launch/rviz2.launch.py
/home/ever/ros2_ws/src/go2_ros_gazebo/install/go2_ros_gazebo/share/go2_ros_gazebo/dae/calf.dae
/home/ever/ros2_ws/src/go2_ros_gazebo/install/go2_ros_gazebo/share/go2_ros_gazebo/dae/base.dae
/home/ever/ros2_ws/src/go2_ros_gazebo/install/go2_ros_gazebo/share/go2_ros_gazebo/dae/thigh.dae
/home/ever/ros2_ws/src/go2_ros_gazebo/install/go2_ros_gazebo/share/go2_ros_gazebo/dae/calf_mirror.dae
/home/ever/ros2_ws/src/go2_ros_gazebo/install/go2_ros_gazebo/share/go2_ros_gazebo/dae/foot.dae
/home/ever/ros2_ws/src/go2_ros_gazebo/install/go2_ros_gazebo/share/go2_ros_gazebo/dae/hip.dae
/home/ever/ros2_ws/src/go2_ros_gazebo/install/go2_ros_gazebo/share/go2_ros_gazebo/dae/thigh_mirror.dae
/home/ever/ros2_ws/src/go2_ros_gazebo/install/go2_ros_gazebo/share/go2_ros_gazebo/checkpoints/model_7850.pt
/home/ever/ros2_ws/src/go2_ros_gazebo/install/go2_ros_gazebo/share/go2_ros_gazebo/worlds/demo_world.sdf
/home/ever/ros2_ws/src/go2_ros_gazebo/install/go2_ros_gazebo/lib/python3.10/site-packages/go2_ros_gazebo-0.0.0-py3.10.egg-info/zip-safe
/home/ever/ros2_ws/src/go2_ros_gazebo/install/go2_ros_gazebo/lib/python3.10/site-packages/go2_ros_gazebo-0.0.0-py3.10.egg-info/SOURCES.txt
/home/ever/ros2_ws/src/go2_ros_gazebo/install/go2_ros_gazebo/lib/python3.10/site-packages/go2_ros_gazebo-0.0.0-py3.10.egg-info/PKG-INFO
/home/ever/ros2_ws/src/go2_ros_gazebo/install/go2_ros_gazebo/lib/python3.10/site-packages/go2_ros_gazebo-0.0.0-py3.10.egg-info/requires.txt
/home/ever/ros2_ws/src/go2_ros_gazebo/install/go2_ros_gazebo/lib/python3.10/site-packages/go2_ros_gazebo-0.0.0-py3.10.egg-info/entry_points.txt
/home/ever/ros2_ws/src/go2_ros_gazebo/install/go2_ros_gazebo/lib/python3.10/site-packages/go2_ros_gazebo-0.0.0-py3.10.egg-info/top_level.txt
/home/ever/ros2_ws/src/go2_ros_gazebo/install/go2_ros_gazebo/lib/python3.10/site-packages/go2_ros_gazebo-0.0.0-py3.10.egg-info/dependency_links.txt
/home/ever/ros2_ws/src/go2_ros_gazebo/install/go2_ros_gazebo/lib/go2_ros_gazebo/go2_rl_driver
