[0.557s] Invoking command in '/home/ever/ros2_ws/src/go2_ros_gazebo': PYTHONPATH=/home/ever/ros2_ws/src/go2_ros_gazebo/build/go2_ros_gazebo/prefix_override:/usr/lib/python3/dist-packages/colcon_core/task/python/colcon_distutils_commands:/home/ever/ros2_ws/src/go2_ros_gazebo/install/go2_ros_gazebo/lib/python3.10/site-packages:${PYTHONPATH} /usr/bin/python3 -W ignore:setup.py install is deprecated -W ignore:easy_install command is deprecated setup.py egg_info --egg-base build/go2_ros_gazebo build --build-base /home/ever/ros2_ws/src/go2_ros_gazebo/build/go2_ros_gazebo/build install --record /home/ever/ros2_ws/src/go2_ros_gazebo/build/go2_ros_gazebo/install.log --single-version-externally-managed install_data
[0.767s] running egg_info
[0.767s] writing build/go2_ros_gazebo/go2_ros_gazebo.egg-info/PKG-INFO
[0.767s] writing dependency_links to build/go2_ros_gazebo/go2_ros_gazebo.egg-info/dependency_links.txt
[0.767s] writing entry points to build/go2_ros_gazebo/go2_ros_gazebo.egg-info/entry_points.txt
[0.767s] writing requirements to build/go2_ros_gazebo/go2_ros_gazebo.egg-info/requires.txt
[0.767s] writing top-level names to build/go2_ros_gazebo/go2_ros_gazebo.egg-info/top_level.txt
[0.769s] reading manifest file 'build/go2_ros_gazebo/go2_ros_gazebo.egg-info/SOURCES.txt'
[0.770s] writing manifest file 'build/go2_ros_gazebo/go2_ros_gazebo.egg-info/SOURCES.txt'
[0.770s] running build
[0.770s] running build_py
[0.770s] running install
[0.770s] running install_lib
[0.771s] running install_data
[0.771s] copying urdf/go2_description.urdf -> /home/ever/ros2_ws/src/go2_ros_gazebo/install/go2_ros_gazebo/share/go2_ros_gazebo/urdf
[0.772s] running install_egg_info
[0.773s] removing '/home/ever/ros2_ws/src/go2_ros_gazebo/install/go2_ros_gazebo/lib/python3.10/site-packages/go2_ros_gazebo-0.0.0-py3.10.egg-info' (and everything under it)
[0.773s] Copying build/go2_ros_gazebo/go2_ros_gazebo.egg-info to /home/ever/ros2_ws/src/go2_ros_gazebo/install/go2_ros_gazebo/lib/python3.10/site-packages/go2_ros_gazebo-0.0.0-py3.10.egg-info
[0.774s] running install_scripts
[0.788s] Installing go2_rl_driver script to /home/ever/ros2_ws/src/go2_ros_gazebo/install/go2_ros_gazebo/lib/go2_ros_gazebo
[0.789s] writing list of installed files to '/home/ever/ros2_ws/src/go2_ros_gazebo/build/go2_ros_gazebo/install.log'
[0.805s] Invoked command in '/home/ever/ros2_ws/src/go2_ros_gazebo' returned '0': PYTHONPATH=/home/ever/ros2_ws/src/go2_ros_gazebo/build/go2_ros_gazebo/prefix_override:/usr/lib/python3/dist-packages/colcon_core/task/python/colcon_distutils_commands:/home/ever/ros2_ws/src/go2_ros_gazebo/install/go2_ros_gazebo/lib/python3.10/site-packages:${PYTHONPATH} /usr/bin/python3 -W ignore:setup.py install is deprecated -W ignore:easy_install command is deprecated setup.py egg_info --egg-base build/go2_ros_gazebo build --build-base /home/ever/ros2_ws/src/go2_ros_gazebo/build/go2_ros_gazebo/build install --record /home/ever/ros2_ws/src/go2_ros_gazebo/build/go2_ros_gazebo/install.log --single-version-externally-managed install_data
