running egg_info
writing build/go2_ros_gazebo/go2_ros_gazebo.egg-info/PKG-INFO
writing dependency_links to build/go2_ros_gazebo/go2_ros_gazebo.egg-info/dependency_links.txt
writing entry points to build/go2_ros_gazebo/go2_ros_gazebo.egg-info/entry_points.txt
writing requirements to build/go2_ros_gazebo/go2_ros_gazebo.egg-info/requires.txt
writing top-level names to build/go2_ros_gazebo/go2_ros_gazebo.egg-info/top_level.txt
reading manifest file 'build/go2_ros_gazebo/go2_ros_gazebo.egg-info/SOURCES.txt'
writing manifest file 'build/go2_ros_gazebo/go2_ros_gazebo.egg-info/SOURCES.txt'
running build
running build_py
copying go2_ros_gazebo/go2_rl_driver.py -> /home/ever/ros2_ws/src/go2_ros_gazebo/build/go2_ros_gazebo/build/lib/go2_ros_gazebo
running install
running install_lib
copying /home/ever/ros2_ws/src/go2_ros_gazebo/build/go2_ros_gazebo/build/lib/go2_ros_gazebo/go2_rl_driver.py -> /home/ever/ros2_ws/src/go2_ros_gazebo/install/go2_ros_gazebo/lib/python3.10/site-packages/go2_ros_gazebo
byte-compiling /home/ever/ros2_ws/src/go2_ros_gazebo/install/go2_ros_gazebo/lib/python3.10/site-packages/go2_ros_gazebo/go2_rl_driver.py to go2_rl_driver.cpython-310.pyc
running install_data
copying launch/spawn.launch.py -> /home/ever/ros2_ws/src/go2_ros_gazebo/install/go2_ros_gazebo/share/go2_ros_gazebo/launch
running install_egg_info
removing '/home/ever/ros2_ws/src/go2_ros_gazebo/install/go2_ros_gazebo/lib/python3.10/site-packages/go2_ros_gazebo-0.0.0-py3.10.egg-info' (and everything under it)
Copying build/go2_ros_gazebo/go2_ros_gazebo.egg-info to /home/ever/ros2_ws/src/go2_ros_gazebo/install/go2_ros_gazebo/lib/python3.10/site-packages/go2_ros_gazebo-0.0.0-py3.10.egg-info
running install_scripts
Installing go2_rl_driver script to /home/ever/ros2_ws/src/go2_ros_gazebo/install/go2_ros_gazebo/lib/go2_ros_gazebo
writing list of installed files to '/home/ever/ros2_ws/src/go2_ros_gazebo/build/go2_ros_gazebo/install.log'
